function f: {
break
}

function g: {
if: x < 1 {
x: 3
print: x
} else: {
return: "z"
}
}
