function sum: num x, num y {
⇨return: x + y
⇦}

print: sum: 4, 3
